package main

import (
	"fmt"

	bar "github.com/bar"
	foo "github.com/foo"

	k8sbar "k8s.io/bar"
	k8sfoo "k8s.io/foo"
)

import (
	"fmt"
	"os"

	fuzz "github.com/google/gofuzz"
	fuzz2 "github.com/google/gofuzz2"

	corev1 "k8s.io/api/core/v1"
	metav1 "k8s.io/apimachinery/pkg/apis/meta/v1"
	runtimeserializer "k8s.io/apimachinery/pkg/runtime/serializer"

	bootstraptokenv1 "k8s.io/kubernetes/cmd/kubeadm/app/apis/bootstraptoken/v1"
	"k8s.io/kubernetes/cmd/kubeadm/app/apis/kubeadm"
	"k8s.io/kubernetes/cmd/kubeadm/app/constants"
)

import (
	metav1 "k8s.io/apimachinery/pkg/apis/meta/v1"
	"k8s.io/apimachinery/pkg/runtime"
	"k8s.io/apimachinery/pkg/runtime/schema"
	"k8s.io/apimachinery/pkg/runtime/serializer"
	utilruntime "k8s.io/apimachinery/pkg/util/runtime"

	"k8s.io/kubernetes/cmd/kubeadm/app/apis/kubeadm"
	"k8s.io/kubernetes/cmd/kubeadm/app/apis/kubeadm/v1beta2"
	"k8s.io/kubernetes/cmd/kubeadm/app/apis/kubeadm/v1beta3"
)
